{
    "Control Normalization": {
        "content": [
            [
                "test.max_3000X.count_normalized.txt:md5,936bce99f87383e35ee369956a84bcf8"
            ],
            [
                "test.max_3000X.guide_data_long.tsv:md5,c978ce9b7e96834ffeed3547bde780a3"
            ],
            [
                "test.max_3000X.replicates_cor.tsv:md5,3963fb06bd004df184ae18027929c946"
            ]
        ],
        "meta": {
            "nf-test": "0.9.2",
            "nextflow": "23.04.2"
        },
        "timestamp": "2025-01-03T21:01:59.485041"
    },
    "With Annotation Dictionary - Multiple Groups Definition": {
        "content": [
            [
                "test.max_3000X.count_normalized.txt:md5,8a3c8ea06b7fb89c404565990f102079"
            ],
            [
                "test.max_3000X.guide_data_long.tsv:md5,01bd4446b569b72db48e8ea417a8310d"
            ],
            [
                "test.max_3000X.replicates_cor.tsv:md5,56ce2d8c2c1fb8b4bbc9e2ead29cbc81"
            ]
        ],
        "meta": {
            "nf-test": "0.9.2",
            "nextflow": "23.04.2"
        },
        "timestamp": "2025-01-03T21:03:35.793334"
    },
    "Default Guide Count QC": {
        "content": [
            [
                "test.max_3000X.count_normalized.txt:md5,8a27a225dd3ad5171835250b06c61dfe"
            ],
            [
                "test.max_3000X.guide_data_long.tsv:md5,be96c66c9bc18f3d20c2bb294e69708a"
            ],
            [
                "test.max_3000X.replicates_cor.tsv:md5,56ce2d8c2c1fb8b4bbc9e2ead29cbc81"
            ]
        ],
        "meta": {
            "nf-test": "0.9.2",
            "nextflow": "23.04.2"
        },
        "timestamp": "2025-01-03T21:00:45.510735"
    },
    "Median Normalization - Switch to Total Norm with High Missing Guides": {
        "content": [
            [
                "test.max_3000X.count_normalized.txt:md5,857c073caffd22ef9e7646225816c5a2"
            ],
            [
                "test.max_3000X.guide_data_long.tsv:md5,976fabcac63388bc53796c35be560bab"
            ],
            [
                "test.max_3000X.replicates_cor.tsv:md5,e687fb6610777d268acd0b85efa9bab8"
            ]
        ],
        "meta": {
            "nf-test": "0.9.2",
            "nextflow": "23.04.2"
        },
        "timestamp": "2025-01-03T21:01:22.578438"
    },
    "Total Normalization": {
        "content": [
            [
                "test.max_3000X.count_normalized.txt:md5,0e52af88beb8282ee6a2faf78d050c91"
            ],
            [
                "test.max_3000X.guide_data_long.tsv:md5,e81e51e9d169f62afc6ec5a9bef9fd20"
            ],
            [
                "test.max_3000X.replicates_cor.tsv:md5,b53b2fa0bc706c41abe0fb67bd97e1f3"
            ]
        ],
        "meta": {
            "nf-test": "0.9.2",
            "nextflow": "23.04.2"
        },
        "timestamp": "2025-01-03T21:01:41.041439"
    },
    "No Normalization": {
        "content": [
            [
                "test.max_3000X.count_normalized.txt:md5,278ce1a3d378d7ddd17737cfa0168179"
            ],
            [
                "test.max_3000X.guide_data_long.tsv:md5,c9008c6d8ed9a7401d35070e3cd04e31"
            ],
            [
                "test.max_3000X.replicates_cor.tsv:md5,97dccf8c679ae19be03b1c5a572133db"
            ]
        ],
        "meta": {
            "nf-test": "0.9.2",
            "nextflow": "23.04.2"
        },
        "timestamp": "2025-01-03T21:02:31.76736"
    },
    "QC with One Replicate": {
        "content": [
            [
                "test.max_3000X.count_normalized.txt:md5,4a2fae09aa1aa8af9bcea843d49278e6"
            ],
            [
                "test.max_3000X.guide_data_long.tsv:md5,19fcdc4cd0b7cc61c4b512a8db06146a"
            ],
            [
            ]
        ],
        "meta": {
            "nf-test": "0.9.2",
            "nextflow": "23.04.2"
        },
        "timestamp": "2025-01-03T21:02:45.723799"
    },
    "Median Normalization": {
        "content": [
            [
                "test.max_3000X.count_normalized.txt:md5,8a27a225dd3ad5171835250b06c61dfe"
            ],
            [
                "test.max_3000X.guide_data_long.tsv:md5,be96c66c9bc18f3d20c2bb294e69708a"
            ],
            [
                "test.max_3000X.replicates_cor.tsv:md5,56ce2d8c2c1fb8b4bbc9e2ead29cbc81"
            ]
        ],
        "meta": {
            "nf-test": "0.9.2",
            "nextflow": "23.04.2"
        },
        "timestamp": "2025-01-03T21:01:04.17998"
    },
    "With Annotation Dictionary - Single Group Definition": {
        "content": [
            [
                "test.max_3000X.count_normalized.txt:md5,bdb38dccd6ca6c726cc0d43b7ac4dae5"
            ],
            [
                "test.max_3000X.guide_data_long.tsv:md5,0a2f48fb4178ed38c88e5838a39df0a8"
            ],
            [
                "test.max_3000X.replicates_cor.tsv:md5,56ce2d8c2c1fb8b4bbc9e2ead29cbc81"
            ]
        ],
        "meta": {
            "nf-test": "0.9.2",
            "nextflow": "23.04.2"
        },
        "timestamp": "2025-01-03T21:03:17.693976"
    }
}