{
    "Illumina Sample Sheet Parsing": {
        "content": [
            [
                "test.parsed-metadata.yaml:md5,94f430b69965ea5049c94dbbc839c8ef"
            ]
        ],
        "meta": {
            "nf-test": "0.9.2",
            "nextflow": "23.04.2"
        },
        "timestamp": "2024-12-18T09:37:03.55401"
    }
}