{
    "No Group Definition": {
        "content": [
            [
                "test.metadata.yaml:md5,81b2714074085e4122c884476f53bc64"
            ]
        ],
        "timestamp": "2024-06-01T11:43:22+0000"
    },
    "Sample Metadata Generation": {
        "content": [
            [
                "test.metadata.yaml:md5,81b2714074085e4122c884476f53bc64"
            ]
        ],
        "timestamp": "2024-06-01T11:43:22+0000"
    }
}
